
============================================================
Прогон realty | старт 26.06.2026 11:59:37
Источники: monitoring, rasprod, kvart, erz-top, erz-cards, fedstat, rosstat
KVART_PER_DEV=0
Лог-файл: C:\v7\logs\update_20260626_115937.log
============================================================

════════════════════════════════════════════════════════════
══ Волна 1/3: monitoring, rasprod, kvart, erz-top, rosstat (max parallel = 4)
════════════════════════════════════════════════════════════

────────────────────────────────────────────────────────────
▶ monitoring (watchdog: 5мин)
────────────────────────────────────────────────────────────

────────────────────────────────────────────────────────────

────────────────────────────────────────────────────────────
▶ kvart (watchdog: 180мин)
────────────────────────────────────────────────────────────

────────────────────────────────────────────────────────────
▶ erz-top (watchdog: 15мин)
▶ rasprod (watchdog: 180мин)
────────────────────────────────────────────────────────────
────────────────────────────────────────────────────────────
[   erz-top] 
[   erz-top] ============================================================
[   erz-top] erzrf.ru | Запуск: 2026-06-26 11:59:50
[   erz-top] Источники: top
[   erz-top] ============================================================
[   erz-top] 
[   erz-top]   🔐 Логин как Tsa***
[   rasprod] 
[monitoring] 
[     kvart] 
[   rasprod] ============================================================
[   rasprod] наш.дом.рф / GSheets | Запуск: 2026-06-26 11:59:54
[   rasprod] Источники: rasprodannost
[monitoring] ============================================================
[     kvart] ============================================================
[     kvart] наш.дом.рф / GSheets | Запуск: 2026-06-26 11:59:54
[     kvart] Источники: kvartirografia
[     kvart] ============================================================
[     kvart] 
[   rasprod] ============================================================
[monitoring] наш.дом.рф / GSheets | Запуск: 2026-06-26 11:59:54
[monitoring] Источники: monitoring_2_0
[monitoring] ============================================================
[monitoring] 
[monitoring]   🌐 monitoring_2_0 (Google Sheets export):
[     kvart]   🌐 kvartirografia: https://xn--80az8a.xn--d1aqf.xn--p1ai/%D0%B0%D0%BD%D0%B0%D0%BB%D0%B8%D1%82%D0%B8%D0%BA%D0%B0/%D0%BA%D0%B2%D0%B0%D1%80%D1%82%D0%B8%D1%80%D0%BE%D0%B3%D1%80%D0%B0%D1%84%D0%B8%D1%8F
[   rasprod] 
[monitoring]      https://docs.google.com/spreadsheets/d/19Z8y6EtoCNbygA9OIjZ7lHaPfeA9fV3Yl6Ned53gNcY/export?format=xlsx
[   rasprod]   🌐 rasprodannost: https://xn--80az8a.xn--d1aqf.xn--p1ai/%D0%B0%D0%BD%D0%B0%D0%BB%D0%B8%D1%82%D0%B8%D0%BA%D0%B0/%D1%80%D0%B0%D1%81%D0%BF%D1%80%D0%BE%D0%B4%D0%B0%D0%BD%D0%BD%D0%BE%D1%81%D1%82%D1%8C-%D1%81%D1%82%D1%80%D0%BE%D0%B9%D0%B3%D0%BE%D1%82%D0%BE%D0%B2%D0%BD%D0%BE%D1%81%D1%82%D1%8C
[   erz-top]   ✅ Авторизация прошла
[   erz-top]   🌐 регион: rf (РФ)
[   erz-top]      ▸ сортировка: obyem_stroitelstva (topType=0)
[   erz-top]        URL: https://erzrf.ru/top-zastroyshchikov/rf?topType=0&regionKey=0
[monitoring]   ✅ monitoring_2_0_20260626.xlsx (4,921 KB)
[monitoring] 
[monitoring] ============================================================
[monitoring] Итог: новых/обновлённых файлов — 1
[monitoring]   • data\raw\realty\nashdom\monitoring_2_0_20260626.xlsx
[monitoring] ============================================================
[monitoring] 
✅ monitoring: успех (за 0.2 мин)

────────────────────────────────────────────────────────────
🔍 Дедупликация новых файлов (1 шт)
────────────────────────────────────────────────────────────
  Все 1 файлов уникальны (дублей нет)

────────────────────────────────────────────────────────────
▶ rosstat (watchdog: 30мин)
────────────────────────────────────────────────────────────
[   rosstat] 
[   rosstat] ============================================================
[   rosstat] rosstat_checker: 2026-06-26 12:00:07
[   rosstat] ============================================================
[   rosstat] 
[   rosstat] 📄 Страница: https://77.rosstat.gov.ru/folder/134924
[   rosstat]   🌐 GET https://77.rosstat.gov.ru/folder/134924
[   rosstat]      найдено xlsx-ссылок: 7
[   rosstat]   🔎 vrp_msk: ищу ['ВРП с 1998']
[   rosstat]      ✔️  без изменений (16.03.2026)
[   rosstat]   🔎 vds_msk_s2016: ищу ['ВДС годы ОКВЭД2 (с 2016']
[   rosstat]      ✔️  без изменений (16.03.2026)
[   rosstat] 
[   rosstat] 📄 Страница: https://www.rosstat.gov.ru/statistics/accounts
[   rosstat]   🌐 GET https://www.rosstat.gov.ru/statistics/accounts
[     kvart]      ── регион: rf (Российская Федерация)
[     kvart]        devs (виртуальный список 0):
[     kvart]        inner scrollHeight=52972px (≈2788 строк)
[   rosstat]      найдено xlsx-ссылок: 52
[   rosstat]   🔎 vvp_god: ищу ['VVP_god_s1995', 'ВВП годы (с 1995']
[   rosstat]      ✔️  без изменений (10.04.2026)
[   rosstat]   🔎 vvp_na_dushu: ищу ['VVP_na_dushu', 'ВВП на душу населения']
[   rosstat]      ✔️  без изменений (10.04.2026)
[   rosstat]   🔎 vds_rf_s2011: ищу ['VDS_god_OKVED2_s2011', 'ВДС годы ОКВЭД2 (с 2011']
[   rosstat]      ✔️  без изменений (10.04.2026)
[   rosstat]   🔎 vrp_okved2007: ищу ['VRP_OKVED2007', 'VRP_god_OKVED2007', 'ВРП ОКВЭД 2007']
[   rosstat]      ✔️  без изменений (09.03.2022)
[   rosstat] 
[   rosstat] ============================================================
[   rosstat] Итог: скачано — 0
[   rosstat] ============================================================
[   rosstat] 
✅ rosstat: успех (за 0.1 мин)
[   erz-top]        клик: [title-parent>Весь список] SPAN «Весь список»
[     kvart]          · шаг 20, pos=11400/52972, собрано 392/2788
[   rasprod]      ── регион: rf (Все)
[   rasprod]      · перешли к самому свежему году: 2026
[     kvart]          · шаг 40, pos=23400/52972, собрано 783/2788
[   rasprod]        · доступных периодов: 77
[   rasprod]        ▸ 1/77: Май 2026
[   erz-top]        ✅ top_obyem_stroitelstva_rf_20260626.xlsx
[   erz-top]      ▸ сортировка: obyem_vvoda (topType=1)
[   erz-top]        URL: https://erzrf.ru/top-zastroyshchikov/rf?topType=1&regionKey=0
[     kvart]          · шаг 60, pos=35400/52972, собрано 1160/2788
[   erz-top]        клик: [title-parent>Весь список] SPAN «Весь список»
[   erz-top]        ✅ top_obyem_vvoda_rf_20260626.xlsx
[   erz-top]        ── обход по годам: [2022, 2023, 2024, 2025, 2026]
[     kvart]          · шаг 80, pos=47400/52972, собрано 1527/2788
[     kvart]        финал: 1685 строк за 90 шагов
[     kvart]        regions (виртуальный список 1):
[     kvart]        inner scrollHeight=1691px (≈89 строк)
[   erz-top]        клик: [title-parent>Весь список] SPAN «Весь список»
[     kvart]        финал: 65 строк за 4 шагов
[     kvart]        · apartments=5, distribution=8, devs=1685, regs=65
[     kvart]      💾 kvartirografia_20260626.xlsx: {'apartments': 5, 'distribution': 8, 'developers': 1685, 'regions': 65, 'per_dev': 0}
[   erz-top]        ✅ top_obyem_vvoda_rf_2022_20260626.xlsx
[     kvart]        ── mapping: 1685 сайтовых, 100 matched, 9 conflicts, 1585 unmatched
[     kvart]      💾 kvartirografia_20260626.xlsx: {'apartments': 5, 'distribution': 8, 'developers': 1685, 'regions': 65, 'per_dev': 0}
[     kvart]        ── per-dev обход: 200/1685 девелоперов (KVART_PER_DEV=0 чтобы выключить)
[   erz-top]        клик: [title-parent>Весь список] SPAN «Весь список»
[   erz-top]        ✅ top_obyem_vvoda_rf_2023_20260626.xlsx
[   erz-top]        клик: [title-parent>Весь список] SPAN «Весь список»
[   erz-top]        ✅ top_obyem_vvoda_rf_2024_20260626.xlsx
[   erz-top]        клик: [title-parent>Весь список] SPAN «Весь список»
[   erz-top]        ✅ top_obyem_vvoda_rf_2025_20260626.xlsx
[   erz-top]        клик: [title-parent>Весь список] SPAN «Весь список»
[   erz-top]        ✅ top_obyem_vvoda_rf_2026_20260626.xlsx
[   erz-top]      ▸ сортировка: nakopl_vvod (topType=2)
[   erz-top]        URL: https://erzrf.ru/top-zastroyshchikov/rf?topType=2&regionKey=0
[   erz-top]        клик: [title-parent>Весь список] SPAN «Весь список»
[   erz-top]        ✅ top_nakopl_vvod_rf_20260626.xlsx
[   erz-top]      ▸ сортировка: potreb_kachestva (topType=3)
[   erz-top]        URL: https://erzrf.ru/top-zastroyshchikov/rf?topType=3&regionKey=0
[   erz-top]        клик: [title-parent>Весь список] SPAN «Весь список»
[   erz-top]        ✅ top_potreb_kachestva_rf_20260626.xlsx
[   erz-top]      ▸ сортировка: skorost (topType=4)
[   erz-top]        URL: https://erzrf.ru/top-zastroyshchikov/rf?topType=4&regionKey=0
[   erz-top]        клик: [title-parent>Весь список] SPAN «Весь список»
[     kvart]           · 10/200: ok=10, miss=0, rejected=0
[     kvart]      💾 kvartirografia_20260626.xlsx: {'apartments': 5, 'distribution': 8, 'developers': 1685, 'regions': 65, 'per_dev': 10}
[   erz-top]        ✅ top_skorost_rf_20260626.xlsx
[   erz-top]      ── Сбор ТОП-100 застройщиков для карточек:
[   erz-top]      · страница 1/5: https://erzrf.ru/top-zastroyshchikov/rf?topType=0&regionKey=0&page=1
[   erz-top]        + 20 новых (всего 20)
[   erz-top]      · страница 2/5: https://erzrf.ru/top-zastroyshchikov/rf?topType=0&regionKey=0&page=2
[   erz-top]        + 20 новых (всего 40)
[   erz-top]      · страница 3/5: https://erzrf.ru/top-zastroyshchikov/rf?topType=0&regionKey=0&page=3
[   erz-top]        + 20 новых (всего 60)
[   erz-top]      · страница 4/5: https://erzrf.ru/top-zastroyshchikov/rf?topType=0&regionKey=0&page=4
[   erz-top]        + 20 новых (всего 80)
[   erz-top]      · страница 5/5: https://erzrf.ru/top-zastroyshchikov/rf?topType=0&regionKey=0&page=5
[   erz-top]        + 20 новых (всего 100)
[   erz-top]      ✅ top_developers_rf_20260626.json (100 застройщиков)
[   erz-top]   🌐 регион: msk (г.Москва)
[   erz-top]      ▸ сортировка: obyem_stroitelstva (topType=0)
[   erz-top]        URL: https://erzrf.ru/top-zastroyshchikov/moskva?topType=0&regionKey=143443001&region=moskva
[   rasprod]           📥 свежий период: проскроллил «Девелоперы», 2761 строк
[   rasprod]           KPI=4, tables=2793 строк
[   rasprod]      💾 rasprodannost_20260626.xlsx (записей=1)
[   rasprod]        ▸ 2/77: Апрель 2026
[   erz-top]        клик: [title-parent>Весь список] SPAN «Весь список»
[   erz-top]        ✅ top_obyem_stroitelstva_msk_20260626.xlsx
[   erz-top]      ▸ сортировка: obyem_vvoda (topType=1)
[   erz-top]        URL: https://erzrf.ru/top-zastroyshchikov/moskva?topType=1&regionKey=143443001&region=moskva
[   rasprod]           KPI=4, tables=2782 строк
[   rasprod]      💾 rasprodannost_20260626.xlsx (записей=2)
[   rasprod]        ▸ 3/77: Март 2026
[   erz-top]        клик: [title-parent>Весь список] SPAN «Весь список»
[     kvart]           · 20/200: ok=20, miss=0, rejected=0
[     kvart]      💾 kvartirografia_20260626.xlsx: {'apartments': 5, 'distribution': 8, 'developers': 1685, 'regions': 65, 'per_dev': 20}
[   erz-top]        ✅ top_obyem_vvoda_msk_20260626.xlsx
[   erz-top]        ── обход по годам: [2022, 2023, 2024, 2025, 2026]
[   erz-top]        клик: [title-parent>Весь список] SPAN «Весь список»
[   erz-top]        ✅ top_obyem_vvoda_msk_2022_20260626.xlsx
[   rasprod]           KPI=4, tables=2761 строк
[   erz-top]        клик: [title-parent>Весь список] SPAN «Весь список»
[   rasprod]      💾 rasprodannost_20260626.xlsx (записей=3)
[   rasprod]        ▸ 4/77: Февраль 2026
[   erz-top]        ✅ top_obyem_vvoda_msk_2023_20260626.xlsx
[   erz-top]        клик: [title-parent>Весь список] SPAN «Весь список»
[   erz-top]        ✅ top_obyem_vvoda_msk_2024_20260626.xlsx
[   erz-top]        клик: [title-parent>Весь список] SPAN «Весь список»
[   erz-top]        ✅ top_obyem_vvoda_msk_2025_20260626.xlsx
[   rasprod]           KPI=4, tables=2755 строк
[   rasprod]      💾 rasprodannost_20260626.xlsx (записей=4)
[   rasprod]        ▸ 5/77: Январь 2026
[   erz-top]        клик: [title-parent>Весь список] SPAN «Весь список»
[   erz-top]        ✅ top_obyem_vvoda_msk_2026_20260626.xlsx
[   erz-top]      ▸ сортировка: nakopl_vvod (topType=2)
[   erz-top]        URL: https://erzrf.ru/top-zastroyshchikov/moskva?topType=2&regionKey=143443001&region=moskva
[   erz-top]        клик: [title-parent>Весь список] SPAN «Весь список»
[   erz-top]        ✅ top_nakopl_vvod_msk_20260626.xlsx
[   erz-top]      ▸ сортировка: potreb_kachestva (topType=3)
[   erz-top]        URL: https://erzrf.ru/top-zastroyshchikov/moskva?topType=3&regionKey=143443001&region=moskva
[   rasprod]           KPI=4, tables=2727 строк
[   rasprod]      💾 rasprodannost_20260626.xlsx (записей=5)
[   rasprod]        ▸ 6/77: Декабрь 2025
[   rasprod]           KPI=4, tables=2744 строк
[   rasprod]      💾 rasprodannost_20260626.xlsx (записей=6)
[   rasprod]        ▸ 7/77: Ноябрь 2025
[     kvart]           · 30/200: ok=30, miss=0, rejected=0
[     kvart]      💾 kvartirografia_20260626.xlsx: {'apartments': 5, 'distribution': 8, 'developers': 1685, 'regions': 65, 'per_dev': 30}
[   rasprod]           KPI=4, tables=2790 строк
[   rasprod]      💾 rasprodannost_20260626.xlsx (записей=7)
[   rasprod]        ▸ 8/77: Октябрь 2025
[   rasprod]           KPI=4, tables=2781 строк
[   rasprod]      💾 rasprodannost_20260626.xlsx (записей=8)
[   rasprod]        ▸ 9/77: Сентябрь 2025
[   erz-top]        ⚠️  контент не появился
[   erz-top]      ▸ сортировка: skorost (topType=4)
[   erz-top]        URL: https://erzrf.ru/top-zastroyshchikov/moskva?topType=4&regionKey=143443001&region=moskva
[   erz-top]        клик: [title-parent>Весь список] SPAN «Весь список»
[   erz-top]        ✅ top_skorost_msk_20260626.xlsx
[   erz-top]      ── Сбор ТОП-100 застройщиков для карточек:
[   erz-top]      · страница 1/5: https://erzrf.ru/top-zastroyshchikov/moskva?topType=0&regionKey=143443001&region=moskva&page=1
[   rasprod]           KPI=4, tables=2789 строк
[   erz-top]        + 20 новых (всего 20)
[   erz-top]      · страница 2/5: https://erzrf.ru/top-zastroyshchikov/moskva?topType=0&regionKey=143443001&region=moskva&page=2
[   rasprod]      💾 rasprodannost_20260626.xlsx (записей=9)
[   rasprod]        ▸ 10/77: Август 2025
[   erz-top]        + 20 новых (всего 40)
[   erz-top]      · страница 3/5: https://erzrf.ru/top-zastroyshchikov/moskva?topType=0&regionKey=143443001&region=moskva&page=3
[     kvart]           🚫 39/200 «ПСК»: парсер дал 89 шт, ожидалось ~4900 (ratio=0.02) — пропускаю
[   erz-top]        + 20 новых (всего 60)
[   erz-top]      · страница 4/5: https://erzrf.ru/top-zastroyshchikov/moskva?topType=0&regionKey=143443001&region=moskva&page=4
[     kvart]           · 40/200: ok=39, miss=0, rejected=1
[     kvart]      💾 kvartirografia_20260626.xlsx: {'apartments': 5, 'distribution': 8, 'developers': 1685, 'regions': 65, 'per_dev': 39}
[   erz-top]        + 20 новых (всего 80)
[   erz-top]      · страница 5/5: https://erzrf.ru/top-zastroyshchikov/moskva?topType=0&regionKey=143443001&region=moskva&page=5
[   rasprod]           KPI=4, tables=2764 строк
[   erz-top]        + 20 новых (всего 100)
[   erz-top]      ✅ top_developers_msk_20260626.json (100 застройщиков)
[   rasprod]      💾 rasprodannost_20260626.xlsx (записей=10)
[   rasprod]        ▸ 11/77: Июль 2025
[   erz-top] 
[   erz-top] ============================================================
[   erz-top] erzrf.ru | Итог: новых/обновлённых файлов — 21
[   erz-top] ============================================================
[   erz-top] 
✅ erz-top: успех (за 5.9 мин)

────────────────────────────────────────────────────────────
🔍 Дедупликация новых файлов (30 шт)
────────────────────────────────────────────────────────────
  Все 30 файлов уникальны (дублей нет)
[   rasprod]           KPI=4, tables=2739 строк
[   rasprod]      💾 rasprodannost_20260626.xlsx (записей=11)
[   rasprod]        ▸ 12/77: Июнь 2025
[   rasprod]           KPI=4, tables=2709 строк
[   rasprod]      💾 rasprodannost_20260626.xlsx (записей=12)
[   rasprod]        ▸ 13/77: Май 2025
[     kvart]           🚫 47/200 «СТРОЙГРАД»: парсер дал 240 шт, ожидалось ~4900 (ratio=0.05) — пропускаю
[   rasprod]           KPI=4, tables=2703 строк
[     kvart]           · 50/200: ok=48, miss=0, rejected=2
[   rasprod]      💾 rasprodannost_20260626.xlsx (записей=13)
[   rasprod]        ▸ 14/77: Апрель 2025
[     kvart]      💾 kvartirografia_20260626.xlsx: {'apartments': 5, 'distribution': 8, 'developers': 1685, 'regions': 65, 'per_dev': 48}
[   rasprod]           KPI=4, tables=2693 строк
[   rasprod]      💾 rasprodannost_20260626.xlsx (записей=14)
[   rasprod]        ▸ 15/77: Март 2025
[   rasprod]           KPI=4, tables=2646 строк
[   rasprod]      💾 rasprodannost_20260626.xlsx (записей=15)
[   rasprod]        ▸ 16/77: Февраль 2025
[   rasprod]           KPI=4, tables=2623 строк
[     kvart]           · 60/200: ok=58, miss=0, rejected=2
[     kvart]      💾 kvartirografia_20260626.xlsx: {'apartments': 5, 'distribution': 8, 'developers': 1685, 'regions': 65, 'per_dev': 58}
[   rasprod]      💾 rasprodannost_20260626.xlsx (записей=16)
[   rasprod]        ▸ 17/77: Январь 2025
[   rasprod]           KPI=4, tables=2617 строк
[     kvart]           🚫 63/200 «Союз»: парсер дал 917 шт, ожидалось ~3200 (ratio=0.29) — пропускаю
[   rasprod]      💾 rasprodannost_20260626.xlsx (записей=17)
[   rasprod]        ▸ 18/77: Декабрь 2024
[   rasprod]           KPI=4, tables=2625 строк
[   rasprod]      💾 rasprodannost_20260626.xlsx (записей=18)
[   rasprod]        ▸ 19/77: Ноябрь 2024
[   rasprod]           KPI=4, tables=2701 строк
[     kvart]           · 70/200: ok=67, miss=0, rejected=3
[     kvart]      💾 kvartirografia_20260626.xlsx: {'apartments': 5, 'distribution': 8, 'developers': 1685, 'regions': 65, 'per_dev': 67}
[   rasprod]      💾 rasprodannost_20260626.xlsx (записей=19)
[   rasprod]        ▸ 20/77: Октябрь 2024
[   rasprod]           KPI=4, tables=2691 строк
[   rasprod]      💾 rasprodannost_20260626.xlsx (записей=20)
[   rasprod]        ▸ 21/77: Сентябрь 2024
[   rasprod]           KPI=4, tables=2676 строк
[   rasprod]      💾 rasprodannost_20260626.xlsx (записей=21)
[   rasprod]        ▸ 22/77: Август 2024
[   rasprod]           KPI=4, tables=2762 строк
[   rasprod]      💾 rasprodannost_20260626.xlsx (записей=22)
[   rasprod]        ▸ 23/77: Июль 2024
[   rasprod]           KPI=4, tables=2775 строк
[   rasprod]      💾 rasprodannost_20260626.xlsx (записей=23)
[   rasprod]        ▸ 24/77: Июнь 2024
[   rasprod]           KPI=4, tables=2765 строк
[     kvart]           · 90/200: ok=86, miss=1, rejected=3
[     kvart]      💾 kvartirografia_20260626.xlsx: {'apartments': 5, 'distribution': 8, 'developers': 1685, 'regions': 65, 'per_dev': 86}
[   rasprod]      💾 rasprodannost_20260626.xlsx (записей=24)
[   rasprod]        ▸ 25/77: Май 2024
[   rasprod]           KPI=4, tables=2729 строк
[   rasprod]      💾 rasprodannost_20260626.xlsx (записей=25)
[   rasprod]        ▸ 26/77: Апрель 2024
[   rasprod]           KPI=4, tables=2686 строк
[     kvart]           · 100/200: ok=96, miss=1, rejected=3
[     kvart]      💾 kvartirografia_20260626.xlsx: {'apartments': 5, 'distribution': 8, 'developers': 1685, 'regions': 65, 'per_dev': 96}
[   rasprod]      💾 rasprodannost_20260626.xlsx (записей=26)
[   rasprod]        ▸ 27/77: Март 2024
[   rasprod]           KPI=4, tables=2642 строк
[   rasprod]      💾 rasprodannost_20260626.xlsx (записей=27)
[   rasprod]        ▸ 28/77: Февраль 2024
[   rasprod]           KPI=4, tables=2613 строк
[   rasprod]      💾 rasprodannost_20260626.xlsx (записей=28)
[   rasprod]        ▸ 29/77: Январь 2024
[     kvart]           · 110/200: ok=106, miss=1, rejected=3
[     kvart]      💾 kvartirografia_20260626.xlsx: {'apartments': 5, 'distribution': 8, 'developers': 1685, 'regions': 65, 'per_dev': 106}
[   rasprod]           KPI=4, tables=2601 строк
[   rasprod]      💾 rasprodannost_20260626.xlsx (записей=29)
[   rasprod]        ▸ 30/77: Декабрь 2023
[   rasprod]           KPI=4, tables=2623 строк
[     kvart]           · 120/200: ok=115, miss=1, rejected=4
[     kvart]      💾 kvartirografia_20260626.xlsx: {'apartments': 5, 'distribution': 8, 'developers': 1685, 'regions': 65, 'per_dev': 115}
[   rasprod]      💾 rasprodannost_20260626.xlsx (записей=30)
[   rasprod]        ▸ 31/77: Ноябрь 2023
[   rasprod]           KPI=4, tables=2621 строк
[   rasprod]      ❌ ошибка rf: MemoryError:
[   rasprod]   ❌ rasprodannost:
[   rasprod] 
[   rasprod] ============================================================
[   rasprod] Итог: новых/обновлённых файлов — 0
[   rasprod] ============================================================
[   rasprod] 
✅ rasprod: успех (за 16.7 мин)

────────────────────────────────────────────────────────────
🔍 Дедупликация новых файлов (30 шт)
────────────────────────────────────────────────────────────
  Все 30 файлов уникальны (дублей нет)
[     kvart]           · 130/200: ok=125, miss=1, rejected=4
[     kvart]      💾 kvartirografia_20260626.xlsx: {'apartments': 5, 'distribution': 8, 'developers': 1685, 'regions': 65, 'per_dev': 125}
[     kvart]           · 140/200: ok=134, miss=1, rejected=5
[     kvart]      💾 kvartirografia_20260626.xlsx: {'apartments': 5, 'distribution': 8, 'developers': 1685, 'regions': 65, 'per_dev': 134}
[     kvart]           · 150/200: ok=143, miss=1, rejected=6
[     kvart]      💾 kvartirografia_20260626.xlsx: {'apartments': 5, 'distribution': 8, 'developers': 1685, 'regions': 65, 'per_dev': 143}
[     kvart]           · 160/200: ok=153, miss=1, rejected=6
[     kvart]      💾 kvartirografia_20260626.xlsx: {'apartments': 5, 'distribution': 8, 'developers': 1685, 'regions': 65, 'per_dev': 153}
[     kvart]           · 180/200: ok=170, miss=1, rejected=9
[     kvart]      💾 kvartirografia_20260626.xlsx: {'apartments': 5, 'distribution': 8, 'developers': 1685, 'regions': 65, 'per_dev': 170}
[     kvart]           · 190/200: ok=179, miss=1, rejected=10
[     kvart]      💾 kvartirografia_20260626.xlsx: {'apartments': 5, 'distribution': 8, 'developers': 1685, 'regions': 65, 'per_dev': 179}
[     kvart]           · 200/200: ok=188, miss=1, rejected=11
[     kvart]      💾 kvartirografia_20260626.xlsx: {'apartments': 5, 'distribution': 8, 'developers': 1685, 'regions': 65, 'per_dev': 188}
[     kvart]      💾 kvartirografia_20260626.xlsx: {'apartments': 5, 'distribution': 8, 'developers': 1685, 'regions': 65, 'per_dev': 188}
[     kvart]        ✅ per-dev: 188 собрано, 1 ошибок селектора, 11 отвергнуто (не совпадает с агрегатом)
[     kvart]      ── регион: msk (Город Москва)
[     kvart]        · baseline «Все квартиры»: 2 448 420
[     kvart]        · текущий регион: «Российская Федерация»
[     kvart]        · клик на trigger
[     kvart]        · ввёл в поиск: 'Москва' (ok=True)
[     kvart]        · клик на «Город Москва» (ok=True)
[     kvart]        ✅ данные сменились: 2 448 420 → 291 214
[     kvart]        devs (виртуальный список 0):
[     kvart]        inner scrollHeight=2204px (≈116 строк)
[     kvart]        финал: 81 строк за 5 шагов
[     kvart]        regions (виртуальный список 1):
[     kvart]        inner scrollHeight=1691px (≈89 строк)
[     kvart]        финал: 64 строк за 4 шагов
[     kvart]        · apartments=5, distribution=8, devs=81, regs=64
[     kvart]      💾 kvartirografia_20260626.xlsx: {'apartments': 10, 'distribution': 16, 'developers': 1766, 'regions': 129, 'per_dev': 188}
[     kvart]        ── mapping: 81 сайтовых, 39 matched, 2 conflicts, 42 unmatched
[     kvart]      💾 kvartirografia_20260626.xlsx: {'apartments': 10, 'distribution': 16, 'developers': 1766, 'regions': 129, 'per_dev': 188}
[     kvart]        ── per-dev обход: 81/81 девелоперов (KVART_PER_DEV=0 чтобы выключить)
[     kvart]           · 10/81: ok=10, miss=0, rejected=0
[     kvart]      💾 kvartirografia_20260626.xlsx: {'apartments': 10, 'distribution': 16, 'developers': 1766, 'regions': 129, 'per_dev': 198}
[     kvart]           · 20/81: ok=20, miss=0, rejected=0
[     kvart]      💾 kvartirografia_20260626.xlsx: {'apartments': 10, 'distribution': 16, 'developers': 1766, 'regions': 129, 'per_dev': 208}
[     kvart]           🚫 29/81 «Vesper»: парсер дал 743 шт, ожидалось ~1000 (ratio=0.74) — пропускаю
[     kvart]           · 30/81: ok=29, miss=0, rejected=1
[     kvart]      💾 kvartirografia_20260626.xlsx: {'apartments': 10, 'distribution': 16, 'developers': 1766, 'regions': 129, 'per_dev': 217}
[     kvart]           · 40/81: ok=39, miss=0, rejected=1
[     kvart]      💾 kvartirografia_20260626.xlsx: {'apartments': 10, 'distribution': 16, 'developers': 1766, 'regions': 129, 'per_dev': 227}
[     kvart]           🚫 41/81 «СЗ ПАРК РАЗВЛЕЧЕНИЙ»: парсер дал 790 шт, ожидалось ~1000 (ratio=0.79) — пропускаю
[     kvart]           🚫 43/81 «СЗ БИЗНЕС КОНТАКТ»: парсер дал 856 шт, ожидалось ~1000 (ratio=0.86) — пропускаю
[     kvart]      💾 kvartirografia_20260626.xlsx: {'apartments': 10, 'distribution': 16, 'developers': 1766, 'regions': 129, 'per_dev': 228}
[     kvart]        ✅ per-dev: 40 собрано, 0 ошибок селектора, 41 отвергнуто (не совпадает с агрегатом)
[     kvart] 
[     kvart] ============================================================
[     kvart] Итог: новых/обновлённых файлов — 2
[     kvart]   • data\raw\realty\nashdom\kvartirografia_20260626.json
[     kvart]   • data\raw\realty\nashdom\kvartirografia_20260626.xlsx
[     kvart] ============================================================
[     kvart] 
✅ kvart: успех (за 35.1 мин)

────────────────────────────────────────────────────────────
🔍 Дедупликация новых файлов (32 шт)
────────────────────────────────────────────────────────────
  Все 32 файлов уникальны (дублей нет)

════════════════════════════════════════════════════════════
══ Волна 2/3: erz-cards (max parallel = 4)
════════════════════════════════════════════════════════════

────────────────────────────────────────────────────────────
▶ erz-cards (watchdog: 30мин)
────────────────────────────────────────────────────────────
[ erz-cards] 
[ erz-cards] ============================================================
[ erz-cards] erzrf.ru | Запуск: 2026-06-26 12:35:00
[ erz-cards] Источники: cards
[ erz-cards] ============================================================
[ erz-cards] 
[ erz-cards]   🔐 Логин как Tsa***
[ erz-cards]   ✅ Авторизация прошла
[ erz-cards]      · 1 | 0 | ГК Самолет,   ГК Самолет  →  brand/gruppa-kompanij-samolet-2366201001
[ erz-cards]      · 2 | 0 | ПИК, г.Москв  ПИК  →  brand/pik-429726001
[ erz-cards]      · 3 | 0 | DOGMA, Красн  DOGMA  →  brand/dogma-5699998001
[ erz-cards]      · 4 | 0 | ГК ТОЧНО, Кр  ГК ТОЧНО  →  brand/gruppa-kompanij-tochno-2894925001
[ erz-cards]      · 5 | 0 | ГК ФСК, г.Мо  ГК ФСК  →  brand/gruppa-kompanij-fsk-755344001
[ erz-cards]      · 6 | +1 | ГК ССК, Кра  ГК ССК  →  brand/gruppa-kompanij-ssk-5360409001
[ erz-cards]      · 7 | -1 | Брусника, С  Брусника  →  brand/brusnika-733498001
[ erz-cards]      · 8 | 0 | ГК ЮгСтройИн  ГК ЮгСтройИнвест  →  brand/gruppa-kompanij-jugstrojinvest-1705946001
[ erz-cards]      · 9 | 0 | Холдинг Setl  Холдинг Setl Group  →  brand/kholding-setl-group-363697001
[ erz-cards]      · 10 | 0 | ГК Страна Д  ГК Страна Девелопмент  →  brand/gruppa-kompanij-strana-development-5339663001
[ erz-cards]      · 11 | +1 | Группа Эта  Группа Эталон  →  brand/gruppa-etalon-1331499001
[ erz-cards]      · 12 | -1 | Группа ЛСР  Группа ЛСР  →  brand/gruppa-lsr-429468001
[ erz-cards]      · 13 | 0 | MR Group, г  MR Group  →  brand/mr-group-430836001
[ erz-cards]      · 14 | 0 | ГК Развитие  ГК Развитие  →  brand/gruppa-kompanij-razvitie-461175001
[ erz-cards]      · 15 | 0 | Талан, Удму  Талан  →  brand/talan-2493968001
[ erz-cards]      · 16 | +1 | ГК Гранель  ГК Гранель  →  brand/gruppa-kompanij-granel-955386001
[ erz-cards]      · 17 | +1 | ГК Расцвет  ГК Расцветай  →  brand/gruppa-kompanij-rascvetaj-5799295001
[ erz-cards]      · 18 | +1 | ДОНСТРОЙ,   ДОНСТРОЙ  →  brand/donstroj-430278001
[ erz-cards]      · 19 | -3 | Группа Акв  Группа Аквилон  →  brand/gruppa-akvilon-391375001
[ erz-cards]      · 20 | 0 | ГК GloraX,   ГК GloraX  →  brand/gruppa-kompanij-glorax-1931581001
[ erz-cards]      · 21 | 0 | Level Group  Level Group  →  brand/level-group-6150430001
[ erz-cards]      · 22 | 0 | ГК ЭНКО, Тю  ГК ЭНКО  →  brand/gruppa-kompanij-enko-402466001
[ erz-cards]      · 23 | 0 | Унистрой, Р  Унистрой  →  brand/unistroj-1130405001
[ erz-cards]      · 24 | 0 | ГК А101, г.  ГК А101  →  brand/gruppa-kompanij-a101-1075233001
[ erz-cards]      · 25 | 0 | РАЗУМ, Астр  РАЗУМ  →  brand/razum-4296089001
[ erz-cards]      · 26 | 0 | ГК АБСОЛЮТ,  ГК АБСОЛЮТ  →  brand/gruppa-kompanij-absoljut-934095001
[ erz-cards]      · 27 | 0 | СЗ Градстро  СЗ Градстройпроект  →  brand/specializirovannyj-zastrojshchik-gradstrojproekt-21975
[ erz-cards]      · 28 | +2 | ГК Единств  ГК Единство  →  brand/gruppa-kompanij-edinstvo-156056001
[ erz-cards]      · 29 | 0 | ГК КОРТРОС,  ГК КОРТРОС  →  brand/gruppa-kompanij-kortros-429541001
[ erz-cards]      · 30 | +1 | LEGENDA In  LEGENDA Intelligent Development  →  brand/legenda-intelligent-development-1824654001
[ erz-cards]      · 31 | +2 | Железно, К  Железно  →  brand/zhelezno-5896105001
[ erz-cards]      · 32 | 0 | ГК АльфаСтр  ГК АльфаСтройИнвест  →  brand/gruppa-kompanij-alfastrojinvest-5380617001
[ erz-cards]      · 33 | +5 | КОМОССТРОЙ  КОМОССТРОЙ®  →  brand/komosstroj-851697001
[ erz-cards]      · 34 | +1 | ГК Новый Д  ГК Новый ДОН  →  brand/gruppa-kompanij-novyj-don-1164353001
[ erz-cards]      · 35 | +1 | ГК ОСНОВА,  ГК ОСНОВА  →  brand/gruppa-kompanij-osnova-6201034001
[ erz-cards]      · 36 | +1 | ГК ОСТ, Ту  ГК ОСТ  →  brand/gruppa-kompanij-ost-10977487001
[ erz-cards]      · 37 | +5 | ГК Первый   ГК Первый Трест  →  brand/gruppa-kompanij-pervyj-trest-4053794001
[ erz-cards]      · 38 | +1 | СК Семья,   СК Семья  →  brand/stroitelnaja-kompanija-semja-5696040001
[ erz-cards]      · 39 | -5 | ИнтерСтрой  ИнтерСтрой  →  brand/interstroj-2987923001
[ erz-cards]      · 40 | -12 | Seven Sun  Seven Suns Development  →  brand/seven-suns-development-2488380001
[ erz-cards]      · 41 | -1 | СЗ КАП, Кр  СЗ КАП  →  brand/specializirovannyj-zastrojshhik-kubanaljansproekt-2819
[ erz-cards]      · 42 | -1 | СК 10, Рос  СК 10  →  brand/stroitelnaja-kompanija-sk-10-5827081001
[ erz-cards]      · 43 | 0 | Лидер Групп  Лидер Групп  →  brand/lider-grupp-430857001
[ erz-cards]      · 44 | +1 | ГК Капитал  ГК Капитал  →  brand/gruppa-kompanij-kapital-261190001
[ erz-cards]      · 45 | +1 | СЗ Стройдо  СЗ СтройдомКраснодар  →  brand/specializirovannyj-zastrojshhik-strojdomkrasnodar-2775
[ erz-cards]      · 46 | +1 | ДСК, Ворон  ДСК  →  brand/domostroitelnyj-kombinat-561250001
[ erz-cards]      · 47 | -3 | ПЗСП, Перм  ПЗСП  →  brand/pzsp-2991496001
[ erz-cards]      · 48 | +1 | ГК Паритет  ГК Паритет Девелопмент  →  brand/gruppa-kompanij-paritet-development-16664888001
[ erz-cards]      · 49 | +1 | ГК КВС, г.  ГК КВС  →  brand/gruppa-kompanij-kvs-1288457001
[ erz-cards]      · 50 | +8 | ГК Террито  ГК Территория жизни  →  brand/gruppa-kompanij-territorija-zhizni-7333890001
[ erz-cards]      · 51 | +13 | TEN Девел  TEN Девелопмент  →  brand/ten-development-931046001
[ erz-cards]      · 52 | +4 | Sminex, г.  Sminex  →  brand/sminex-4354668001
[ erz-cards]      · 53 | 0 | Фонд ренова  Фонд реновации  →  brand/moskovskij-fond-renovacii-zhiloj-zastrojki-14543898001
[ erz-cards]      · 54 | 0 | СЗ Стройпар  СЗ Стройпарк  →  brand/specializirovannyj-zastrojshhik-strojpark-28787766001
[ erz-cards]      · 55 | 0 | ПРОФИ-ИНВЕС  ПРОФИ-ИНВЕСТ  →  brand/profi-invest-3732427001
[ erz-cards]      · 56 | -8 | ГК ИНСИТИ   ГК ИНСИТИ девелопмент  →  brand/gruppa-kompanij-insiti-5696575001
[ erz-cards]      · 57 | +2 | Суварстрои  Суварстроит  →  brand/suvarstroit-5372083001
[ erz-cards]        ⚠️  пусто — не удалось распарсить
[ erz-cards]      · 58 | +19 | ГК Атомст  ГК Атомстройкомплекс  →  brand/atomstrojkompleks-691686001
[ erz-cards]      · 59 | +1 | Юникей, г.  Юникей  →  brand/unikey-22031811001
[ erz-cards]      · 60 | +1 | Атлас Деве  Атлас Девелопмент  →  brand/atlas-development-7814301001
[ erz-cards]      · 61 | +1 | ГК СМК, Ар  ГК СМК  →  brand/gruppa-kompanij-smk-1567563001
[ erz-cards]      · 62 | +1 | ГК Главстр  ГК Главстрой  →  brand/gruppa-kompanij-glavstroj-1961151001
[ erz-cards]      · 63 | +15 | Трест Маг  Трест Магнитострой  →  brand/trest-magnitostroj-922602001
[ erz-cards]      · 64 | +1 | ГК ПСК, г.  ГК ПСК  →  brand/gruppa-kompanij-psk-2153371001
[ erz-cards]      · 65 | -14 | Ак Барс Д  Ак Барс Дом  →  brand/ak-bars-dom-2923318001
[ erz-cards]      · 66 | -14 | СИК Девел  СИК Девелопмент-Юг  →  brand/stroitelno-investicionnaja-korporacija-development-jug
[ erz-cards]      · 67 | -1 | ГК ПАО АПР  ГК ПАО АПРИ  →  brand/gruppa-kompanij-pao-apri-5392618001
[ erz-cards]      · 68 | -11 | СЕВЕРНАЯ   СЕВЕРНАЯ КОМПАНИЯ  →  brand/severnaja-kompanija-4856325001
[ erz-cards]      · 69 | -2 | ГК НОСТА,   ГК НОСТА  →  brand/gruppa-kompanij-nosta-22810761001
[ erz-cards]      · 70 | -2 | ГК ИКАР, Ч  ГК ИКАР  →  brand/gruppa-kompanij-ikar-7080922001
[ erz-cards]      · 71 | 0 | ДК Прогресс  ДК Прогресс  →  brand/developerskaja-kompanija-progress-5599108001
[ erz-cards]      · 72 | 0 | ГК Географи  ГК География  →  brand/gruppa-kompanij-geografiya-22466965001
[ erz-cards]      · 73 | 0 | СПК Зелёный  СПК Зелёный сад  →  brand/stroitelno-promyshlennaja-kompanija-zelenyj-sad-559542
[ erz-cards]      · 74 | 0 | ГК Эскадра,  ГК Эскадра  →  brand/gruppa-kompanij-eskadra-451521001
[ erz-cards]      · 75 | 0 | ИСК г. Уфы,  ИСК г. Уфы  →  brand/investicionno-stroitelnyj-komitet-gorodskogo-okruga-go
[ erz-cards]      · 76 | +17 | ГК Екатер  ГК ЕкатеринодарИнвест-Строй  →  brand/gruppa-kompanij-ekaterinodarinvest-stroj-10146399001
[ erz-cards]      · 77 | -1 | ГК ТРЕСТ,   ГК ТРЕСТ  →  brand/gruppa-kompanij-trest-1738274001
[ erz-cards]      · 78 | +7 | ГК СТРОЙГР  ГК СТРОЙГРАД  →  brand/gruppa-kompanij-strojgrad-4752097001
[ erz-cards]      · 79 | -10 | DARS Deve  DARS Development  →  brand/dars-development-7537722001
[ erz-cards]      · 80 | 0 | Группа RBI,  Группа RBI  →  brand/gruppa-rbi-1813315001
[ erz-cards]      · 81 | 0 | ГК ДОМ, Рес  ГК ДОМ  →  brand/gruppa-kompanij-dom-22417441001
[ erz-cards]      · 82 | -3 | СХ ТЕРМОДО  СХ ТЕРМОДОМ  →  brand/stroitelnyj-kholding-termodom-4784610001
[ erz-cards]      · 83 | 0 | ГК Метрикс   ГК Метрикс Develoрment  →  brand/gruppa-kompanij-metriks-develorment-9337739001
[ erz-cards]      · 84 | -14 | ИСГ МАВИС  ИСГ МАВИС  →  brand/investicionno-stroitelnaja-gruppa-mavis-2110139001
[ erz-cards]      · 85 | +195 | ГК СКАЙГ  ГК СКАЙГРУПП ДЕВЕЛОПМЕНТ  →  brand/gruppa-kompanij-SKAJGRUPP-DEVELOPMENT-21696327001
[ erz-cards]      · 86 | -2 | ГК КамаСтр  ГК КамаСтройИнвест  →  brand/gruppa-kompanij-kamastrojinvest-2436482001
[ erz-cards]      · 87 | -5 | ГК Prime D  ГК Prime Development  →  brand/gruppa-kompanij-prime-development-24447747001
[ erz-cards]      · 88 | -2 | ГСК Арбан,  ГСК Арбан  →  brand/gruppa-stroitelnykh-kompanij-arban-2224464001
[ erz-cards]      · 89 | +3 | СГ Рисан,   СГ Рисан  →  brand/stroitelnaja-gruppa-risan-451437001
[ erz-cards]      · 90 | -1 | Неометрия,  Неометрия  →  brand/neometrija-1734816001
[ erz-cards]      · 91 | -1 | ГК СДК, Ре  ГК СДК  →  brand/gruppa-kompanij-simferopolskaya-developerskaya-kompani
[ erz-cards]      · 92 | +21 | ИСГ Марма  ИСГ Мармакс  →  brand/investicionno-stroitelnaja-gruppa-marmaks-559678001
[ erz-cards]      · 93 | -2 | Мангазея,   Мангазея  →  brand/mangazeja-3126628001
[ erz-cards]      · 94 | 0 | МСК, Ростов  МСК  →  brand/moskovskaja-stroitelnaja-kompanija-3772776001
[ erz-cards]      · 95 | 0 | Группа Роди  Группа Родина  →  brand/gruppa-rodina-21959217001
[ erz-cards]      · 96 | 0 | ГК Монолит,  ГК Монолит  →  brand/gruppa-kompanij-monolit-3086478001
[ erz-cards]      · 97 | 0 | СЗ СБЕРСИТИ  СЗ СБЕРСИТИ  →  brand/sbercity-21161735001
[ erz-cards]      · 98 | 0 | ЕвроИнвест   ЕвроИнвест Девелопмент  →  brand/evroinvest-development-7897128001
[ erz-cards]      · 99 | +1 | УГАИК, Рес  УГАИК  →  brand/ufimskoe-gorodskoe-agentstvo-ipotechnogo-kreditovanija
[ erz-cards]      · 100 | +1 | Группа Ме  Группа Мета  →  brand/gruppa-meta-5203863001
[ erz-cards]      ✅ cards_20260626.xlsx (карточек: 99, лет: 11 ['2016', '2017', '2018', '2019', '2020', '2021', '2022', '2023', '2024', '2025', '2026'], ошибок: 1)
[ erz-cards] 
[ erz-cards] ============================================================
[ erz-cards] erzrf.ru | Итог: новых/обновлённых файлов — 1
[ erz-cards] ============================================================
[ erz-cards] 
✅ erz-cards: успех (за 23.1 мин)

────────────────────────────────────────────────────────────
🔍 Дедупликация новых файлов (5 шт)
────────────────────────────────────────────────────────────
  Все 5 файлов уникальны (дублей нет)

════════════════════════════════════════════════════════════
══ Волна 3/3: fedstat (max parallel = 4)
════════════════════════════════════════════════════════════

────────────────────────────────────────────────────────────
▶ fedstat (watchdog: 30мин)
────────────────────────────────────────────────────────────
[   fedstat] 
[   fedstat] ============================================================
[   fedstat] Запуск: 2026-06-26 12:58:09
[   fedstat] Индикаторов: 29
[   fedstat] ============================================================
[   fedstat] 
[   fedstat]   🛠  headless=old (HEADLESS_MODE=old, default)
[   fedstat] 📊 [33648] Индекс предпринимательской уверенности в строительстве
[   fedstat]   🌐 Открываю: https://www.fedstat.ru/indicator/33648
[   fedstat]   ✔️  Без изменений (23.06.2026)
[   fedstat] 
[   fedstat] 📊 [61497] Валовой региональный продукт в основных ценах (ОКВЭД 2)
[   fedstat]   🌐 Открываю: https://www.fedstat.ru/indicator/61497
[   fedstat]   ✔️  Без изменений (07.04.2026)
[   fedstat] 
[   fedstat] 📊 [59449] Индексы физического объема валового регионального проду
[   fedstat]   🌐 Открываю: https://www.fedstat.ru/indicator/59449
[   fedstat]   ✔️  Без изменений (16.03.2026)
[   fedstat] 
[   fedstat] 📊 [61483] Валовой региональный продукт на душу населения (ОКВЭД 2
[   fedstat]   🌐 Открываю: https://www.fedstat.ru/indicator/61483
[   fedstat]   ✔️  Без изменений (15.06.2026)
[   fedstat] 
[   fedstat] 📊 [45341] Индекс физического объема валового регионального продук
[   fedstat]   🌐 Открываю: https://www.fedstat.ru/indicator/45341
[   fedstat]   ✔️  Без изменений (22.04.2026)
[   fedstat] 
[   fedstat] 📊 [59450] Структура валового регионального продукта (ОКВЭД 2) (пр
[   fedstat]   🌐 Открываю: https://www.fedstat.ru/indicator/59450
[   fedstat]   ✔️  Без изменений (16.03.2026)
[   fedstat] 
[   fedstat] 📊 [55370] Доля продукции высокотехнологичных и наукоемких отрасле
[   fedstat]   🌐 Открываю: https://www.fedstat.ru/indicator/55370
[   fedstat]   ✔️  Без изменений (08.04.2026)
[   fedstat] 
[   fedstat] 📊 [55373] Индекс производительности труда относительно уровня 201
[   fedstat]   🌐 Открываю: https://www.fedstat.ru/indicator/55373
[   fedstat]   ✔️  Без изменений (16.04.2026)
[   fedstat] 
[   fedstat] 📊 [31557] Численность постоянного населения на 1 января (Раздел 1
[   fedstat]   🌐 Открываю: https://www.fedstat.ru/indicator/31557
[   fedstat]   ⚠️  Не удалось извлечь дату
[   fedstat]   ⚠️  Пропускаю — не удалось получить дату
[   fedstat] 
[   fedstat] 📊 [31556] Численность постоянного населения в среднем за год (чел
[   fedstat]   🌐 Открываю: https://www.fedstat.ru/indicator/31556
[   fedstat]   ✔️  Без изменений (07.04.2025)
[   fedstat] 
[   fedstat] 📊 [36730] Среднегодовая численность трудовых ресурсов (значение п
[   fedstat]   🌐 Открываю: https://www.fedstat.ru/indicator/36730
[   fedstat]   ✔️  Без изменений (08.09.2025)
[   fedstat] 
[   fedstat] 📊 [58994] Среднегодовая численность занятых в экономике (расчеты
[   fedstat]   🌐 Открываю: https://www.fedstat.ru/indicator/58994
[   fedstat]   ✔️  Без изменений (08.09.2025)
[   fedstat] 
[   fedstat] 📊 [43211] Среднегодовая численность занятых в экономике (расчеты
[   fedstat]   🌐 Открываю: https://www.fedstat.ru/indicator/43211
[   fedstat]   ✔️  Без изменений (11.03.2019)
[   fedstat] 
[   fedstat] 📊 [57824] Среднемесячная номинальная начисленная заработная плата
[   fedstat]   🌐 Открываю: https://www.fedstat.ru/indicator/57824
[   fedstat]   ✔️  Без изменений (04.06.2026)
[   fedstat] 
[   fedstat] 📊 [43246] Среднемесячная номинальная начисленная заработная плата
[   fedstat]   🌐 Открываю: https://www.fedstat.ru/indicator/43246
[   fedstat]   ✔️  Без изменений (07.07.2025)
[   fedstat] 
[   fedstat] 📊 [34475] Инвестиции в основной капитал по полному кругу организа
[   fedstat]   🌐 Открываю: https://www.fedstat.ru/indicator/34475
[   fedstat]   ✔️  Без изменений (28.02.2026)
[   fedstat] 
[   fedstat] 📊 [59047] Инвестиции в основной капитал по полному кругу хозяйств
[   fedstat]   🌐 Открываю: https://www.fedstat.ru/indicator/59047
[   fedstat]   ✔️  Без изменений (30.12.2025)
[   fedstat] 
[   fedstat] 📊 [36078] Индекс физического объема инвестиций в основной капитал
[   fedstat]   🌐 Открываю: https://www.fedstat.ru/indicator/36078
[   fedstat]   ✔️  Без изменений (31.07.2018)
[   fedstat] 
[   fedstat] 📊 [34129] Индекс физического объема инвестиций в основной капитал
[   fedstat]   🌐 Открываю: https://www.fedstat.ru/indicator/34129
[   fedstat]   ✔️  Без изменений (30.12.2025)
[   fedstat] 
[   fedstat] 📊 [58089] Индекс физического объема инвестиций в основной капитал
[   fedstat]   🌐 Открываю: https://www.fedstat.ru/indicator/58089
[   fedstat]   ⏳ Не загрузилось за 30с (всего 30с), повторяю...
[   fedstat]   ✔️  Без изменений (21.06.2026)
[   fedstat] 
[   fedstat] 📊 [34118] Введено в действие общей площади жилых домов (оперативн
[   fedstat]   🌐 Открываю: https://www.fedstat.ru/indicator/34118
[   fedstat]   🔄 Попытка 2/3 после ошибки: Message: element click intercepted: Element <a href="tabspass" class="lnk">...</
[   fedstat]   🔄 Попытка 3/3 после ошибки: Message: element click intercepted: Element <a href="tabspass" class="lnk">...</
[   fedstat]   ❌ Ошибка при чтении страницы: Message: element click intercepted: Element <a href="tabspass" class="lnk">...</a> is not clickable at point (632, 316). Other element would receive the click: <div id="serverMessages" tabindex="-1" role="dialog" aria-labelledby="myModalLabel" aria-hidden="false" class="modal fade in" style="display: block; padding-right: 15px;">...</div>
[   fedstat]   (Session info: chrome=149.0.7827.156); For documentation on this error, please visit: https://www.selenium.dev/documentation/webdriver/troubleshooting/errors#elementclickinterceptedexception
[   fedstat] Stacktrace:
[   fedstat] 	chromedriver!GetHandleVerifier [0x7ff722493fa5+14925]
[   fedstat] 	chromedriver!GetHandleVerifier [0x7ff722494000+14980]
[   fedstat] 	chromedriver!(No symbol) [0x7ff721fd793d]
[   fedstat] 	chromedriver!(No symbol) [0x7ff722039755]
[   fedstat] 	chromedriver!(No symbol) [0x7ff72203736a]
[   fedstat] 	chromedriver!(No symbol) [0x7ff7220346b7]
[   fedstat] 	chromedriver!(No symbol) [0x7ff722033567]
[   fedstat] 	chromedriver!(No symbol) [0x7ff722025f48]
[   fedstat] 	chromedriver!(No symbol) [0x7ff72205a3ca]
[   fedstat] 	chromedriver!(No symbol) [0x7ff7220257c6]
[   fedstat] 	chromedriver!(No symbol) [0x7ff72207f39b]
[   fedstat] 	chromedriver!(No symbol) [0x7ff72202401c]
[   fedstat] 	chromedriver!(No symbol) [0x7ff722024f43]
[   fedstat] 	chromedriver!GetHandleVerifier [0x7ff722a77591+5f7f11]
[   fedstat] 	chromedriver!GetHandleVerifier [0x7ff722a71902+5f2282]
[   fedstat] 	chromedriver!GetHandleVerifier [0x7ff722a97115+617a95]
[   fedstat] 	chromedriver!GetHandleVerifier [0x7ff7224b1dce+3274e]
[   fedstat] 	chromedriver!GetHandleVerifier [0x7ff7224ba82c+3b1ac]
[   fedstat] 	chromedriver!GetHandleVerifier [0x7ff72249d744+1e0c4]
[   fedstat] 	chromedriver!GetHandleVerifier [0x7ff72249d8d4+1e254]
[   fedstat] 	chromedriver!GetHandleVerifier [0x7ff722481447+1dc7]
[   fedstat] 	KERNEL32!BaseThreadInitThunk [0x7ff923077344+14]
[   fedstat] 	ntdll!RtlUserThreadStart [0x7ff92509cc91+21]
[   fedstat] 
[   fedstat]   ⚠️  Пропускаю — не удалось получить дату
[   fedstat] 
[   fedstat] 📊 [33575] Введено в действие общей площади жилых домов, построенн
[   fedstat]   🌐 Открываю: https://www.fedstat.ru/indicator/33575
[   fedstat]   ✔️  Без изменений (17.06.2026)
[   fedstat] 
[   fedstat] 📊 [33574] Введено в действие общей площади жилых домов на 1000 че
[   fedstat]   🌐 Открываю: https://www.fedstat.ru/indicator/33574
[   fedstat]   ✔️  Без изменений (07.04.2025)
[   fedstat] 
[   fedstat] 📊 [33738] Количество построенных квартир (значение показателя за
[   fedstat]   🌐 Открываю: https://www.fedstat.ru/indicator/33738
[   fedstat]   ✔️  Без изменений (28.04.2026)
[   fedstat] 
[   fedstat] 📊 [40466] Общая площадь жилых помещений, приходящаяся в среднем н
[   fedstat]   🌐 Открываю: https://www.fedstat.ru/indicator/40466
[   fedstat]   ✔️  Без изменений (23.04.2025)
[   fedstat] 
[   fedstat] 📊 [31074_часть1] Индексы потребительских цен на товары и услуги часть1 (
[   fedstat]   🌐 Открываю: https://www.fedstat.ru/indicator/31074
[   fedstat]   ✔️  Без изменений (12.06.2026)
[   fedstat] 
[   fedstat] 📊 [31074_часть2] Индексы потребительских цен на товары и услуги часть2 (
[   fedstat]   🌐 Открываю: https://www.fedstat.ru/indicator/31074
[   fedstat]   ✔️  Без изменений (12.06.2026)
[   fedstat] 
[   fedstat] 📊 [31452] Средняя цена 1 кв. м  общей площади квартир на рынке жи
[   fedstat]   🌐 Открываю: https://www.fedstat.ru/indicator/31452
[   fedstat]   ✔️  Без изменений (29.04.2026)
[   fedstat] 
[   fedstat] 📊 [31448] Средние потребительские цены (тарифы) на товары и услуг
[   fedstat]   🌐 Открываю: https://www.fedstat.ru/indicator/31448
[   fedstat]   ✔️  Без изменений (15.06.2026)
[   fedstat] 
[   fedstat] 
[   fedstat] ============================================================
[   fedstat] Итог: скачано файлов — 0
[   fedstat] ============================================================
[   fedstat] 
❌ fedstat: код выхода 2 (за 6.7 мин)

────────────────────────────────────────────────────────────
🔁 Retry #1: жду 30с и повторяю 1 источников: fedstat
────────────────────────────────────────────────────────────

════════════════════════════════════════════════════════════
   Retry #1 волна 3: fedstat (max parallel = 4)
════════════════════════════════════════════════════════════

────────────────────────────────────────────────────────────
▶ fedstat (watchdog: 30мин)
────────────────────────────────────────────────────────────
[   fedstat] 
[   fedstat] ============================================================
[   fedstat] Запуск: 2026-06-26 13:05:22
[   fedstat] Индикаторов: 29
[   fedstat] ============================================================
[   fedstat] 
[   fedstat]   🛠  headless=old (HEADLESS_MODE=old, default)
[   fedstat] 📊 [33648] Индекс предпринимательской уверенности в строительстве
[   fedstat]   🌐 Открываю: https://www.fedstat.ru/indicator/33648
[   fedstat]   ✔️  Без изменений (23.06.2026)
[   fedstat] 
[   fedstat] 📊 [61497] Валовой региональный продукт в основных ценах (ОКВЭД 2)
[   fedstat]   🌐 Открываю: https://www.fedstat.ru/indicator/61497
[   fedstat]   ✔️  Без изменений (07.04.2026)
[   fedstat] 
[   fedstat] 📊 [59449] Индексы физического объема валового регионального проду
[   fedstat]   🌐 Открываю: https://www.fedstat.ru/indicator/59449
[   fedstat]   ✔️  Без изменений (16.03.2026)
[   fedstat] 
[   fedstat] 📊 [61483] Валовой региональный продукт на душу населения (ОКВЭД 2
[   fedstat]   🌐 Открываю: https://www.fedstat.ru/indicator/61483
[   fedstat]   ✔️  Без изменений (15.06.2026)
[   fedstat] 
[   fedstat] 📊 [45341] Индекс физического объема валового регионального продук
[   fedstat]   🌐 Открываю: https://www.fedstat.ru/indicator/45341
[   fedstat]   ✔️  Без изменений (22.04.2026)
[   fedstat] 
[   fedstat] 📊 [59450] Структура валового регионального продукта (ОКВЭД 2) (пр
[   fedstat]   🌐 Открываю: https://www.fedstat.ru/indicator/59450
[   fedstat]   ✔️  Без изменений (16.03.2026)
[   fedstat] 
[   fedstat] 📊 [55370] Доля продукции высокотехнологичных и наукоемких отрасле
[   fedstat]   🌐 Открываю: https://www.fedstat.ru/indicator/55370
[   fedstat]   ✔️  Без изменений (08.04.2026)
[   fedstat] 
[   fedstat] 📊 [55373] Индекс производительности труда относительно уровня 201
[   fedstat]   🌐 Открываю: https://www.fedstat.ru/indicator/55373
[   fedstat]   ✔️  Без изменений (16.04.2026)
[   fedstat] 
[   fedstat] 📊 [31557] Численность постоянного населения на 1 января (Раздел 1
[   fedstat]   🌐 Открываю: https://www.fedstat.ru/indicator/31557
[   fedstat]   ⏳ Не загрузилось за 30с (всего 30с), повторяю...
[   fedstat]   ⏳ Не загрузилось за 30с (всего 60с), повторяю...
[   fedstat]   ⏳ Не загрузилось за 30с (всего 90с), повторяю...
[   fedstat]   ⚠️  Не удалось извлечь дату
[   fedstat]   ⚠️  Пропускаю — не удалось получить дату
[   fedstat] 
[   fedstat] 📊 [31556] Численность постоянного населения в среднем за год (чел
[   fedstat]   🌐 Открываю: https://www.fedstat.ru/indicator/31556
[   fedstat]   ✔️  Без изменений (07.04.2025)
[   fedstat] 
[   fedstat] 📊 [36730] Среднегодовая численность трудовых ресурсов (значение п
[   fedstat]   🌐 Открываю: https://www.fedstat.ru/indicator/36730
[   fedstat]   ✔️  Без изменений (08.09.2025)
[   fedstat] 
[   fedstat] 📊 [58994] Среднегодовая численность занятых в экономике (расчеты
[   fedstat]   🌐 Открываю: https://www.fedstat.ru/indicator/58994
[   fedstat]   ✔️  Без изменений (08.09.2025)
[   fedstat] 
[   fedstat] 📊 [43211] Среднегодовая численность занятых в экономике (расчеты
[   fedstat]   🌐 Открываю: https://www.fedstat.ru/indicator/43211
[   fedstat]   ✔️  Без изменений (11.03.2019)
[   fedstat] 
[   fedstat] 📊 [57824] Среднемесячная номинальная начисленная заработная плата
[   fedstat]   🌐 Открываю: https://www.fedstat.ru/indicator/57824
[   fedstat]   ✔️  Без изменений (04.06.2026)
[   fedstat] 
[   fedstat] 📊 [43246] Среднемесячная номинальная начисленная заработная плата
[   fedstat]   🌐 Открываю: https://www.fedstat.ru/indicator/43246
[   fedstat]   ✔️  Без изменений (07.07.2025)
[   fedstat] 
[   fedstat] 📊 [34475] Инвестиции в основной капитал по полному кругу организа
[   fedstat]   🌐 Открываю: https://www.fedstat.ru/indicator/34475
[   fedstat]   ✔️  Без изменений (28.02.2026)
[   fedstat] 
[   fedstat] 📊 [59047] Инвестиции в основной капитал по полному кругу хозяйств
[   fedstat]   🌐 Открываю: https://www.fedstat.ru/indicator/59047
[   fedstat]   ✔️  Без изменений (30.12.2025)
[   fedstat] 
[   fedstat] 📊 [36078] Индекс физического объема инвестиций в основной капитал
[   fedstat]   🌐 Открываю: https://www.fedstat.ru/indicator/36078
[   fedstat]   ✔️  Без изменений (31.07.2018)
[   fedstat] 
[   fedstat] 📊 [34129] Индекс физического объема инвестиций в основной капитал
[   fedstat]   🌐 Открываю: https://www.fedstat.ru/indicator/34129
[   fedstat]   ✔️  Без изменений (30.12.2025)
[   fedstat] 
[   fedstat] 📊 [58089] Индекс физического объема инвестиций в основной капитал
[   fedstat]   🌐 Открываю: https://www.fedstat.ru/indicator/58089
[   fedstat]   ✔️  Без изменений (21.06.2026)
[   fedstat] 
[   fedstat] 📊 [34118] Введено в действие общей площади жилых домов (оперативн
[   fedstat]   🌐 Открываю: https://www.fedstat.ru/indicator/34118
[   fedstat]   🔄 Попытка 2/3 после ошибки: Message: element click intercepted: Element <a href="tabspass" class="lnk">...</
[   fedstat]   🔄 Попытка 3/3 после ошибки: Message: element click intercepted: Element <a href="tabspass" class="lnk">...</
[   fedstat]   ❌ Ошибка при чтении страницы: Message: element click intercepted: Element <a href="tabspass" class="lnk">...</a> is not clickable at point (632, 316). Other element would receive the click: <div id="serverMessages" tabindex="-1" role="dialog" aria-labelledby="myModalLabel" aria-hidden="false" class="modal fade in" style="display: block; padding-right: 15px;">...</div>
[   fedstat]   (Session info: chrome=149.0.7827.156); For documentation on this error, please visit: https://www.selenium.dev/documentation/webdriver/troubleshooting/errors#elementclickinterceptedexception
[   fedstat] Stacktrace:
[   fedstat] 	chromedriver!GetHandleVerifier [0x7ff722493fa5+14925]
[   fedstat] 	chromedriver!GetHandleVerifier [0x7ff722494000+14980]
[   fedstat] 	chromedriver!(No symbol) [0x7ff721fd793d]
[   fedstat] 	chromedriver!(No symbol) [0x7ff722039755]
[   fedstat] 	chromedriver!(No symbol) [0x7ff72203736a]
[   fedstat] 	chromedriver!(No symbol) [0x7ff7220346b7]
[   fedstat] 	chromedriver!(No symbol) [0x7ff722033567]
[   fedstat] 	chromedriver!(No symbol) [0x7ff722025f48]
[   fedstat] 	chromedriver!(No symbol) [0x7ff72205a3ca]
[   fedstat] 	chromedriver!(No symbol) [0x7ff7220257c6]
[   fedstat] 	chromedriver!(No symbol) [0x7ff72207f39b]
[   fedstat] 	chromedriver!(No symbol) [0x7ff72202401c]
[   fedstat] 	chromedriver!(No symbol) [0x7ff722024f43]
[   fedstat] 	chromedriver!GetHandleVerifier [0x7ff722a77591+5f7f11]
[   fedstat] 	chromedriver!GetHandleVerifier [0x7ff722a71902+5f2282]
[   fedstat] 	chromedriver!GetHandleVerifier [0x7ff722a97115+617a95]
[   fedstat] 	chromedriver!GetHandleVerifier [0x7ff7224b1dce+3274e]
[   fedstat] 	chromedriver!GetHandleVerifier [0x7ff7224ba82c+3b1ac]
[   fedstat] 	chromedriver!GetHandleVerifier [0x7ff72249d744+1e0c4]
[   fedstat] 	chromedriver!GetHandleVerifier [0x7ff72249d8d4+1e254]
[   fedstat] 	chromedriver!GetHandleVerifier [0x7ff722481447+1dc7]
[   fedstat] 	KERNEL32!BaseThreadInitThunk [0x7ff923077344+14]
[   fedstat] 	ntdll!RtlUserThreadStart [0x7ff92509cc91+21]
[   fedstat] 
[   fedstat]   ⚠️  Пропускаю — не удалось получить дату
[   fedstat] 
[   fedstat] 📊 [33575] Введено в действие общей площади жилых домов, построенн
[   fedstat]   🌐 Открываю: https://www.fedstat.ru/indicator/33575
[   fedstat]   ✔️  Без изменений (17.06.2026)
[   fedstat] 
[   fedstat] 📊 [33574] Введено в действие общей площади жилых домов на 1000 че
[   fedstat]   🌐 Открываю: https://www.fedstat.ru/indicator/33574
[   fedstat]   ✔️  Без изменений (07.04.2025)
[   fedstat] 
[   fedstat] 📊 [33738] Количество построенных квартир (значение показателя за
[   fedstat]   🌐 Открываю: https://www.fedstat.ru/indicator/33738
[   fedstat]   ✔️  Без изменений (28.04.2026)
[   fedstat] 
[   fedstat] 📊 [40466] Общая площадь жилых помещений, приходящаяся в среднем н
[   fedstat]   🌐 Открываю: https://www.fedstat.ru/indicator/40466
[   fedstat]   ✔️  Без изменений (23.04.2025)
[   fedstat] 
[   fedstat] 📊 [31074_часть1] Индексы потребительских цен на товары и услуги часть1 (
[   fedstat]   🌐 Открываю: https://www.fedstat.ru/indicator/31074
[   fedstat]   ✔️  Без изменений (12.06.2026)
[   fedstat] 
[   fedstat] 📊 [31074_часть2] Индексы потребительских цен на товары и услуги часть2 (
[   fedstat]   🌐 Открываю: https://www.fedstat.ru/indicator/31074
[   fedstat]   ✔️  Без изменений (12.06.2026)
[   fedstat] 
[   fedstat] 📊 [31452] Средняя цена 1 кв. м  общей площади квартир на рынке жи
[   fedstat]   🌐 Открываю: https://www.fedstat.ru/indicator/31452
[   fedstat]   ✔️  Без изменений (29.04.2026)
[   fedstat] 
[   fedstat] 📊 [31448] Средние потребительские цены (тарифы) на товары и услуг
[   fedstat]   🌐 Открываю: https://www.fedstat.ru/indicator/31448
[   fedstat]   ✔️  Без изменений (15.06.2026)
[   fedstat] 
[   fedstat] 
[   fedstat] ============================================================
[   fedstat] Итог: скачано файлов — 0
[   fedstat] ============================================================
[   fedstat] 
❌ fedstat: код выхода 2 (за 5.2 мин)

────────────────────────────────────────────────────────────
🔁 Retry #2: жду 60с и повторяю 1 источников: fedstat
────────────────────────────────────────────────────────────

════════════════════════════════════════════════════════════
   Retry #2 волна 3: fedstat (max parallel = 4)
════════════════════════════════════════════════════════════

────────────────────────────────────────────────────────────
▶ fedstat (watchdog: 30мин)
────────────────────────────────────────────────────────────
[   fedstat] 
[   fedstat] ============================================================
[   fedstat] Запуск: 2026-06-26 13:11:36
[   fedstat] Индикаторов: 29
[   fedstat] ============================================================
[   fedstat] 
[   fedstat]   🛠  headless=old (HEADLESS_MODE=old, default)
[   fedstat] 📊 [33648] Индекс предпринимательской уверенности в строительстве
[   fedstat]   🌐 Открываю: https://www.fedstat.ru/indicator/33648
[   fedstat]   ✔️  Без изменений (23.06.2026)
[   fedstat] 
[   fedstat] 📊 [61497] Валовой региональный продукт в основных ценах (ОКВЭД 2)
[   fedstat]   🌐 Открываю: https://www.fedstat.ru/indicator/61497
[   fedstat]   ✔️  Без изменений (07.04.2026)
[   fedstat] 
[   fedstat] 📊 [59449] Индексы физического объема валового регионального проду
[   fedstat]   🌐 Открываю: https://www.fedstat.ru/indicator/59449
[   fedstat]   ✔️  Без изменений (16.03.2026)
[   fedstat] 
[   fedstat] 📊 [61483] Валовой региональный продукт на душу населения (ОКВЭД 2
[   fedstat]   🌐 Открываю: https://www.fedstat.ru/indicator/61483
[   fedstat]   ✔️  Без изменений (15.06.2026)
[   fedstat] 
[   fedstat] 📊 [45341] Индекс физического объема валового регионального продук
[   fedstat]   🌐 Открываю: https://www.fedstat.ru/indicator/45341
[   fedstat]   ✔️  Без изменений (22.04.2026)
[   fedstat] 
[   fedstat] 📊 [59450] Структура валового регионального продукта (ОКВЭД 2) (пр
[   fedstat]   🌐 Открываю: https://www.fedstat.ru/indicator/59450
[   fedstat]   ✔️  Без изменений (16.03.2026)
[   fedstat] 
[   fedstat] 📊 [55370] Доля продукции высокотехнологичных и наукоемких отрасле
[   fedstat]   🌐 Открываю: https://www.fedstat.ru/indicator/55370
[   fedstat]   ✔️  Без изменений (08.04.2026)
[   fedstat] 
[   fedstat] 📊 [55373] Индекс производительности труда относительно уровня 201
[   fedstat]   🌐 Открываю: https://www.fedstat.ru/indicator/55373
[   fedstat]   ✔️  Без изменений (16.04.2026)
[   fedstat] 
[   fedstat] 📊 [31557] Численность постоянного населения на 1 января (Раздел 1
[   fedstat]   🌐 Открываю: https://www.fedstat.ru/indicator/31557
[   fedstat]   ⚠️  Не удалось извлечь дату
[   fedstat]   ⚠️  Пропускаю — не удалось получить дату
[   fedstat] 
[   fedstat] 📊 [31556] Численность постоянного населения в среднем за год (чел
[   fedstat]   🌐 Открываю: https://www.fedstat.ru/indicator/31556
[   fedstat]   ✔️  Без изменений (07.04.2025)
[   fedstat] 
[   fedstat] 📊 [36730] Среднегодовая численность трудовых ресурсов (значение п
[   fedstat]   🌐 Открываю: https://www.fedstat.ru/indicator/36730
[   fedstat]   ✔️  Без изменений (08.09.2025)
[   fedstat] 
[   fedstat] 📊 [58994] Среднегодовая численность занятых в экономике (расчеты
[   fedstat]   🌐 Открываю: https://www.fedstat.ru/indicator/58994
[   fedstat]   ✔️  Без изменений (08.09.2025)
[   fedstat] 
[   fedstat] 📊 [43211] Среднегодовая численность занятых в экономике (расчеты
[   fedstat]   🌐 Открываю: https://www.fedstat.ru/indicator/43211
[   fedstat]   ✔️  Без изменений (11.03.2019)
[   fedstat] 
[   fedstat] 📊 [57824] Среднемесячная номинальная начисленная заработная плата
[   fedstat]   🌐 Открываю: https://www.fedstat.ru/indicator/57824
[   fedstat]   ✔️  Без изменений (04.06.2026)
[   fedstat] 
[   fedstat] 📊 [43246] Среднемесячная номинальная начисленная заработная плата
[   fedstat]   🌐 Открываю: https://www.fedstat.ru/indicator/43246
[   fedstat]   ✔️  Без изменений (07.07.2025)
[   fedstat] 
[   fedstat] 📊 [34475] Инвестиции в основной капитал по полному кругу организа
[   fedstat]   🌐 Открываю: https://www.fedstat.ru/indicator/34475
[   fedstat]   ✔️  Без изменений (28.02.2026)
[   fedstat] 
[   fedstat] 📊 [59047] Инвестиции в основной капитал по полному кругу хозяйств
[   fedstat]   🌐 Открываю: https://www.fedstat.ru/indicator/59047
[   fedstat]   ✔️  Без изменений (30.12.2025)
[   fedstat] 
[   fedstat] 📊 [36078] Индекс физического объема инвестиций в основной капитал
[   fedstat]   🌐 Открываю: https://www.fedstat.ru/indicator/36078
[   fedstat]   ✔️  Без изменений (31.07.2018)
[   fedstat] 
[   fedstat] 📊 [34129] Индекс физического объема инвестиций в основной капитал
[   fedstat]   🌐 Открываю: https://www.fedstat.ru/indicator/34129
[   fedstat]   ✔️  Без изменений (30.12.2025)
[   fedstat] 
[   fedstat] 📊 [58089] Индекс физического объема инвестиций в основной капитал
[   fedstat]   🌐 Открываю: https://www.fedstat.ru/indicator/58089
[   fedstat]   ✔️  Без изменений (21.06.2026)
[   fedstat] 
[   fedstat] 📊 [34118] Введено в действие общей площади жилых домов (оперативн
[   fedstat]   🌐 Открываю: https://www.fedstat.ru/indicator/34118
[   fedstat]   🔄 Попытка 2/3 после ошибки: Message: element click intercepted: Element <a href="tabspass" class="lnk">...</
[   fedstat]   🔄 Попытка 3/3 после ошибки: Message: element click intercepted: Element <a href="tabspass" class="lnk">...</
[   fedstat]   ❌ Ошибка при чтении страницы: Message: element click intercepted: Element <a href="tabspass" class="lnk">...</a> is not clickable at point (632, 316). Other element would receive the click: <div id="serverMessages" tabindex="-1" role="dialog" aria-labelledby="myModalLabel" aria-hidden="false" class="modal fade in" style="display: block; padding-right: 15px;">...</div>
[   fedstat]   (Session info: chrome=149.0.7827.156); For documentation on this error, please visit: https://www.selenium.dev/documentation/webdriver/troubleshooting/errors#elementclickinterceptedexception
[   fedstat] Stacktrace:
[   fedstat] 	chromedriver!GetHandleVerifier [0x7ff722493fa5+14925]
[   fedstat] 	chromedriver!GetHandleVerifier [0x7ff722494000+14980]
[   fedstat] 	chromedriver!(No symbol) [0x7ff721fd793d]
[   fedstat] 	chromedriver!(No symbol) [0x7ff722039755]
[   fedstat] 	chromedriver!(No symbol) [0x7ff72203736a]
[   fedstat] 	chromedriver!(No symbol) [0x7ff7220346b7]
[   fedstat] 	chromedriver!(No symbol) [0x7ff722033567]
[   fedstat] 	chromedriver!(No symbol) [0x7ff722025f48]
[   fedstat] 	chromedriver!(No symbol) [0x7ff72205a3ca]
[   fedstat] 	chromedriver!(No symbol) [0x7ff7220257c6]
[   fedstat] 	chromedriver!(No symbol) [0x7ff72207f39b]
[   fedstat] 	chromedriver!(No symbol) [0x7ff72202401c]
[   fedstat] 	chromedriver!(No symbol) [0x7ff722024f43]
[   fedstat] 	chromedriver!GetHandleVerifier [0x7ff722a77591+5f7f11]
[   fedstat] 	chromedriver!GetHandleVerifier [0x7ff722a71902+5f2282]
[   fedstat] 	chromedriver!GetHandleVerifier [0x7ff722a97115+617a95]
[   fedstat] 	chromedriver!GetHandleVerifier [0x7ff7224b1dce+3274e]
[   fedstat] 	chromedriver!GetHandleVerifier [0x7ff7224ba82c+3b1ac]
[   fedstat] 	chromedriver!GetHandleVerifier [0x7ff72249d744+1e0c4]
[   fedstat] 	chromedriver!GetHandleVerifier [0x7ff72249d8d4+1e254]
[   fedstat] 	chromedriver!GetHandleVerifier [0x7ff722481447+1dc7]
[   fedstat] 	KERNEL32!BaseThreadInitThunk [0x7ff923077344+14]
[   fedstat] 	ntdll!RtlUserThreadStart [0x7ff92509cc91+21]
[   fedstat] 
[   fedstat]   ⚠️  Пропускаю — не удалось получить дату
[   fedstat] 
[   fedstat] 📊 [33575] Введено в действие общей площади жилых домов, построенн
[   fedstat]   🌐 Открываю: https://www.fedstat.ru/indicator/33575
[   fedstat]   ✔️  Без изменений (17.06.2026)
[   fedstat] 
[   fedstat] 📊 [33574] Введено в действие общей площади жилых домов на 1000 че
[   fedstat]   🌐 Открываю: https://www.fedstat.ru/indicator/33574
[   fedstat]   ✔️  Без изменений (07.04.2025)
[   fedstat] 
[   fedstat] 📊 [33738] Количество построенных квартир (значение показателя за
[   fedstat]   🌐 Открываю: https://www.fedstat.ru/indicator/33738
[   fedstat]   ✔️  Без изменений (28.04.2026)
[   fedstat] 
[   fedstat] 📊 [40466] Общая площадь жилых помещений, приходящаяся в среднем н
[   fedstat]   🌐 Открываю: https://www.fedstat.ru/indicator/40466
[   fedstat]   ✔️  Без изменений (23.04.2025)
[   fedstat] 
[   fedstat] 📊 [31074_часть1] Индексы потребительских цен на товары и услуги часть1 (
[   fedstat]   🌐 Открываю: https://www.fedstat.ru/indicator/31074
[   fedstat]   ✔️  Без изменений (12.06.2026)
[   fedstat] 
[   fedstat] 📊 [31074_часть2] Индексы потребительских цен на товары и услуги часть2 (
[   fedstat]   🌐 Открываю: https://www.fedstat.ru/indicator/31074
[   fedstat]   ✔️  Без изменений (12.06.2026)
[   fedstat] 
[   fedstat] 📊 [31452] Средняя цена 1 кв. м  общей площади квартир на рынке жи
[   fedstat]   🌐 Открываю: https://www.fedstat.ru/indicator/31452
[   fedstat]   ✔️  Без изменений (29.04.2026)
[   fedstat] 
[   fedstat] 📊 [31448] Средние потребительские цены (тарифы) на товары и услуг
[   fedstat]   🌐 Открываю: https://www.fedstat.ru/indicator/31448
[   fedstat]   ✔️  Без изменений (15.06.2026)
[   fedstat] 
[   fedstat] 
[   fedstat] ============================================================
[   fedstat] Итог: скачано файлов — 0
[   fedstat] ============================================================
[   fedstat] 
❌ fedstat: код выхода 2 (за 4.3 мин)

────────────────────────────────────────────────────────────
🔍 Дедупликация новых файлов (37 шт)
────────────────────────────────────────────────────────────
  Все 37 файлов уникальны (дублей нет)

────────────────────────────────────────────────────────────
📦 Финальная архивация (safety-net, keep=1)
────────────────────────────────────────────────────────────

────────────────────────────────────────────────────────────
📋 Эскроу (ручная выгрузка)
────────────────────────────────────────────────────────────
✓ Файл есть: Наполняемость счетов.xlsx (от 18.06.2026)

============================================================
ИТОГ за 76.1 мин:
  ✅ Успешно: 6 — monitoring, rosstat, erz-top, rasprod, kvart, erz-cards
  ❌ Ошибки:  1 — fedstat
  📥 Новых файлов:    37
============================================================

📁 Полный лог сохранён: C:\v7\logs\update_20260626_115937.log
